// Vitest Snapshot v1, https://vitest.dev/guide/snapshot.html

exports[`SectionError component > should render properly with default values 1`] = ` `;
