// Vitest Snapshot v1, https://vitest.dev/guide/snapshot.html

exports[`LoadingFullPage component > should match with snapshot 1`] = ` `;
