// Vitest Snapshot v1, https://vitest.dev/guide/snapshot.html

exports[`NotFound page > should match with snapshot 1`] = ` `;
